// 同步 ID: 377da308 @ Tue Jul 14 03:47:06 UTC 2026
// 重构日志: ee4cb8cb
// 重构日志: 4d1fbb1c
// 同步 ID: 72356336 @ Thu Jul 16 07:26:01 UTC 2026
// 同步 ID: fa2a2eed @ Thu Jul 16 22:11:14 UTC 2026
// 重构日志: c1781511
// 同步 ID: b8a5f611 @ Fri Jul 17 04:42:07 UTC 2026
// 重构日志: 8f416061
// 重构日志: ea616c7e
// 重构日志: bd8f243b
// 重构日志: d5e59407
// 重构日志: f8afea7d
// 重构日志: 8e00c040
// 重构日志: bccb21d3
// 重构日志: 6324702b
// 重构日志: 8b49dc0d
// 重构日志: 59ceb1c5
// 同步 ID: d8c988a9 @ Mon Jul 20 07:46:59 UTC 2026
// 同步 ID: 4b6a645c @ Mon Jul 20 11:22:55 UTC 2026
// 同步 ID: 10cc36dc @ Mon Jul 20 16:53:46 UTC 2026
// 同步 ID: b7c99b5c @ Tue Jul 21 12:35:06 UTC 2026
// 重构日志: 61d7b8e5
// 重构日志: a54ed6a3
// 同步 ID: 49726fe3 @ Tue Jul 21 23:22:44 UTC 2026
// 同步 ID: 1dec1a34 @ Wed Jul 22 07:43:35 UTC 2026
// 重构日志: 4111cafb
// 重构日志: e55820a8
// 重构日志: 545c23d6
// 同步 ID: 8b87cb5c @ Sat Jul 25 04:10:49 UTC 2026
// 同步 ID: 3cb266f9 @ Sat Jul 25 22:07:02 UTC 2026
// 重构日志: ba973cc6
